2025-09-22 16:15:28,946 - ERROR - Database error while fetching items: no such table: items
Traceback (most recent call last):
  File "service\db_service.py", line 281, in fetch_items
sqlite3.OperationalError: no such table: items
2025-09-22 16:15:28,960 - ERROR - Database error while fetching all orders: no such table: orders
Traceback (most recent call last):
  File "service\db_service.py", line 35, in fetch_all_orders
sqlite3.OperationalError: no such table: orders
2025-09-22 16:15:28,976 - ERROR - Database error while fetching all orders: no such table: orders
Traceback (most recent call last):
  File "service\db_service.py", line 52, in fetch_running_orders
sqlite3.OperationalError: no such table: orders
2025-09-22 16:15:30,914 - ERROR - Database error while fetching items: no such table: items
Traceback (most recent call last):
  File "service\db_service.py", line 281, in fetch_items
sqlite3.OperationalError: no such table: items
2025-09-22 16:15:30,928 - ERROR - Database error while fetching categories: no such table: category
Traceback (most recent call last):
  File "service\db_service.py", line 69, in fetch_categories
sqlite3.OperationalError: no such table: category
2025-09-22 16:15:30,940 - ERROR - Database error while fetching items: no such table: items
Traceback (most recent call last):
  File "service\db_service.py", line 281, in fetch_items
sqlite3.OperationalError: no such table: items
2025-09-22 16:15:30,957 - ERROR - Database error while fetching tables: no such table: shop_tables
Traceback (most recent call last):
  File "service\db_service.py", line 168, in fetch_tables
sqlite3.OperationalError: no such table: shop_tables
2025-09-22 16:15:32,415 - ERROR - Database error while fetching all orders: no such table: orders
Traceback (most recent call last):
  File "service\db_service.py", line 52, in fetch_running_orders
sqlite3.OperationalError: no such table: orders
