2025-09-22 14:24:44,792 - INFO - Fetched 59 items successfully.
2025-09-22 14:24:45,402 - INFO - Fetched 13 orders successfully.
2025-09-22 14:24:45,531 - INFO - Fetched 9 orders successfully.
2025-09-22 14:24:49,103 - INFO - Fetched 13 orders successfully.
2025-09-22 14:24:52,262 - INFO - Fetched 2 tables successfully.
2025-09-22 14:24:53,429 - INFO - Fetched 59 items successfully.
2025-09-22 14:24:54,140 - INFO - Fetched 14 categories successfully.
2025-09-22 14:24:54,156 - INFO - Fetched 59 items successfully.
2025-09-22 14:24:54,655 - INFO - Fetched 2 tables successfully.
2025-09-22 14:25:12,797 - INFO - Fetched 9 orders successfully.
2025-09-22 14:25:21,467 - INFO - Fetched 9 orders successfully.
2025-09-22 14:25:22,760 - INFO - Fetched 14 categories successfully.
2025-09-22 14:25:22,776 - INFO - Fetched 0 items successfully.
2025-09-22 14:25:22,793 - INFO - Fetched 2 tables successfully.
2025-09-22 14:25:22,829 - INFO - Fetched 59 items successfully.
2025-09-22 14:25:27,944 - INFO - Order info fetched successfully for order_id: 6
2025-09-22 14:25:33,803 - INFO - Fetched 9 orders successfully.
2025-09-22 14:36:09,084 - INFO - Fetched 59 items successfully.
2025-09-22 14:36:09,804 - INFO - Fetched 13 orders successfully.
2025-09-22 14:36:09,974 - INFO - Fetched 9 orders successfully.
2025-09-22 14:36:11,659 - INFO - Fetched 59 items successfully.
2025-09-22 14:36:12,343 - INFO - Fetched 14 categories successfully.
2025-09-22 14:36:12,358 - INFO - Fetched 59 items successfully.
2025-09-22 14:36:12,933 - INFO - Fetched 2 tables successfully.
2025-09-22 14:38:02,871 - INFO - Fetched 9 orders successfully.
2025-09-22 14:38:54,309 - INFO - Fetched 59 items successfully.
2025-09-22 14:38:54,997 - INFO - Fetched 13 orders successfully.
2025-09-22 14:38:55,167 - INFO - Fetched 9 orders successfully.
2025-09-22 14:39:01,677 - INFO - Fetched 59 items successfully.
2025-09-22 14:39:02,143 - INFO - Fetched 14 categories successfully.
2025-09-22 14:39:02,156 - INFO - Fetched 59 items successfully.
2025-09-22 14:39:02,522 - INFO - Fetched 2 tables successfully.
2025-09-22 14:39:09,691 - INFO - Fetched 9 orders successfully.
2025-09-22 14:48:35,433 - INFO - Fetched 59 items successfully.
2025-09-22 14:48:36,117 - INFO - Fetched 13 orders successfully.
2025-09-22 14:48:36,286 - INFO - Fetched 9 orders successfully.
2025-09-22 14:48:37,397 - INFO - Fetched 59 items successfully.
2025-09-22 14:48:37,550 - INFO - Fetched 14 categories successfully.
2025-09-22 14:48:37,566 - INFO - Fetched 59 items successfully.
2025-09-22 14:48:37,707 - INFO - Fetched 2 tables successfully.
2025-09-22 14:48:40,650 - INFO - Fetched 9 orders successfully.
2025-09-22 14:53:38,804 - INFO - Fetched 59 items successfully.
2025-09-22 14:53:39,415 - INFO - Fetched 13 orders successfully.
2025-09-22 14:53:39,585 - INFO - Fetched 9 orders successfully.
2025-09-22 14:53:40,877 - INFO - Fetched 59 items successfully.
2025-09-22 14:53:41,323 - INFO - Fetched 14 categories successfully.
2025-09-22 14:53:41,341 - INFO - Fetched 59 items successfully.
2025-09-22 14:53:41,716 - INFO - Fetched 2 tables successfully.
2025-09-22 14:55:51,443 - INFO - Fetched 9 orders successfully.
2025-09-22 14:58:45,269 - INFO - Fetched 59 items successfully.
2025-09-22 14:58:46,000 - INFO - Fetched 13 orders successfully.
2025-09-22 14:58:46,140 - INFO - Fetched 9 orders successfully.
2025-09-22 14:58:47,310 - INFO - Fetched 59 items successfully.
2025-09-22 14:58:47,841 - INFO - Fetched 14 categories successfully.
2025-09-22 14:58:47,856 - INFO - Fetched 59 items successfully.
2025-09-22 14:58:48,268 - INFO - Fetched 2 tables successfully.
2025-09-22 14:58:54,413 - INFO - Fetched 9 orders successfully.
2025-09-22 14:59:27,046 - INFO - Fetched 59 items successfully.
2025-09-22 14:59:27,323 - INFO - Fetched 14 categories successfully.
2025-09-22 14:59:27,332 - INFO - Fetched 59 items successfully.
2025-09-22 14:59:27,587 - INFO - Fetched 59 items successfully.
2025-09-22 14:59:27,845 - INFO - Fetched 2 tables successfully.
2025-09-22 14:59:38,611 - INFO - Fetched 9 orders successfully.
2025-09-22 14:59:38,643 - INFO - Fetched 9 orders successfully.
2025-09-22 15:00:51,396 - INFO - Fetched 59 items successfully.
2025-09-22 15:00:52,020 - INFO - Fetched 13 orders successfully.
2025-09-22 15:00:52,193 - INFO - Fetched 9 orders successfully.
2025-09-22 15:00:53,542 - INFO - Fetched 59 items successfully.
2025-09-22 15:00:54,173 - INFO - Fetched 14 categories successfully.
2025-09-22 15:00:54,187 - INFO - Fetched 59 items successfully.
2025-09-22 15:00:54,611 - INFO - Fetched 2 tables successfully.
2025-09-22 15:01:10,582 - INFO - Fetched 9 orders successfully.
2025-09-22 15:01:12,365 - INFO - Fetched 14 categories successfully.
2025-09-22 15:01:12,383 - INFO - Fetched 0 items successfully.
2025-09-22 15:01:12,399 - INFO - Fetched 59 items successfully.
2025-09-22 15:01:13,601 - INFO - Fetched 13 orders successfully.
2025-09-22 15:01:14,613 - INFO - Fetched 14 categories successfully.
2025-09-22 15:01:14,627 - INFO - Fetched 59 items successfully.
2025-09-22 15:01:27,560 - INFO - Fetched 14 categories successfully.
2025-09-22 15:01:49,211 - INFO - Item ID 1 updated to 'Chips (Normal)'.
2025-09-22 15:01:49,228 - INFO - Fetched 59 items successfully.
2025-09-22 15:02:08,417 - INFO - Fetched 59 items successfully.
2025-09-22 15:02:08,801 - INFO - Fetched 14 categories successfully.
2025-09-22 15:02:08,815 - INFO - Fetched 59 items successfully.
2025-09-22 15:02:09,227 - INFO - Fetched 59 items successfully.
2025-09-22 15:02:09,646 - INFO - Fetched 2 tables successfully.
2025-09-22 15:02:16,912 - INFO - Fetched 9 orders successfully.
2025-09-22 15:02:16,949 - INFO - Fetched 9 orders successfully.
2025-09-22 15:21:27,197 - INFO - Fetched 59 items successfully.
2025-09-22 15:21:27,775 - INFO - Fetched 13 orders successfully.
2025-09-22 15:21:27,904 - INFO - Fetched 9 orders successfully.
2025-09-22 15:21:32,516 - INFO - Fetched 59 items successfully.
2025-09-22 15:21:32,938 - INFO - Fetched 14 categories successfully.
2025-09-22 15:21:32,948 - INFO - Fetched 59 items successfully.
2025-09-22 15:21:33,266 - INFO - Fetched 2 tables successfully.
2025-09-22 15:22:50,819 - INFO - Fetched 9 orders successfully.
2025-09-22 15:24:19,753 - INFO - Fetched 59 items successfully.
2025-09-22 15:24:20,253 - INFO - Fetched 14 categories successfully.
2025-09-22 15:24:20,268 - INFO - Fetched 59 items successfully.
2025-09-22 15:24:20,659 - INFO - Fetched 59 items successfully.
2025-09-22 15:24:21,065 - INFO - Fetched 2 tables successfully.
2025-09-22 15:28:29,829 - INFO - Fetched 9 orders successfully.
2025-09-22 15:28:29,868 - INFO - Fetched 9 orders successfully.
2025-09-22 15:28:42,833 - INFO - Fetched 59 items successfully.
2025-09-22 15:28:43,288 - INFO - Fetched 14 categories successfully.
2025-09-22 15:28:43,297 - INFO - Fetched 59 items successfully.
2025-09-22 15:28:43,597 - INFO - Fetched 59 items successfully.
2025-09-22 15:28:43,927 - INFO - Fetched 2 tables successfully.
2025-09-22 15:28:50,397 - INFO - Fetched 9 orders successfully.
2025-09-22 15:28:50,433 - INFO - Fetched 9 orders successfully.
2025-09-22 15:28:50,468 - INFO - Fetched 9 orders successfully.
2025-09-22 15:31:55,165 - INFO - Fetched 59 items successfully.
2025-09-22 15:31:55,851 - INFO - Fetched 13 orders successfully.
2025-09-22 15:31:56,020 - INFO - Fetched 9 orders successfully.
2025-09-22 16:06:21,628 - INFO - Fetched 59 items successfully.
2025-09-22 16:06:22,335 - INFO - Fetched 13 orders successfully.
2025-09-22 16:06:22,507 - INFO - Fetched 9 orders successfully.
2025-09-22 16:06:23,690 - INFO - Fetched 59 items successfully.
2025-09-22 16:06:24,213 - INFO - Fetched 14 categories successfully.
2025-09-22 16:06:24,228 - INFO - Fetched 59 items successfully.
2025-09-22 16:06:24,637 - INFO - Fetched 2 tables successfully.
2025-09-22 16:06:30,985 - INFO - Fetched 9 orders successfully.
2025-09-22 16:06:41,213 - INFO - Fetched 14 categories successfully.
2025-09-22 16:06:41,230 - INFO - Fetched 0 items successfully.
2025-09-22 16:06:41,245 - INFO - Fetched 59 items successfully.
2025-09-22 16:06:43,692 - INFO - Fetched 14 categories successfully.
2025-09-22 16:06:57,531 - INFO - Item ID 2 updated to 'Chips Masala'.
2025-09-22 16:06:57,549 - INFO - Fetched 59 items successfully.
2025-09-22 16:07:00,776 - INFO - Fetched 14 categories successfully.
2025-09-22 16:07:26,175 - INFO - Item ID 3 updated to 'Chicken Quarter 1/4'.
2025-09-22 16:07:26,193 - INFO - Fetched 59 items successfully.
2025-09-22 16:09:19,919 - INFO - Fetched 59 items successfully.
2025-09-22 16:09:20,589 - INFO - Fetched 13 orders successfully.
2025-09-22 16:09:20,748 - INFO - Fetched 9 orders successfully.
2025-09-22 16:09:22,277 - INFO - Fetched 59 items successfully.
2025-09-22 16:09:22,826 - INFO - Fetched 14 categories successfully.
2025-09-22 16:09:22,842 - INFO - Fetched 59 items successfully.
2025-09-22 16:09:23,261 - INFO - Fetched 2 tables successfully.
2025-09-22 16:09:42,075 - INFO - Fetched 9 orders successfully.
2025-09-22 16:09:45,606 - INFO - Fetched 59 items successfully.
2025-09-22 16:09:46,139 - INFO - Fetched 14 categories successfully.
2025-09-22 16:09:46,151 - INFO - Fetched 59 items successfully.
2025-09-22 16:09:46,638 - INFO - Fetched 59 items successfully.
2025-09-22 16:09:47,245 - INFO - Fetched 2 tables successfully.
2025-09-22 16:09:48,728 - INFO - Item ID 2 has 0 variations.
2025-09-22 16:09:48,835 - INFO - Item 'Chips Masala' with ID 2 added to cart (Qty: 1).
2025-09-22 16:09:50,726 - INFO - Fetched 10 orders successfully.
2025-09-22 16:09:50,764 - INFO - Fetched 10 orders successfully.
2025-09-22 16:09:52,344 - INFO - Fetched 14 categories successfully.
2025-09-22 16:09:52,360 - INFO - Fetched 0 items successfully.
2025-09-22 16:09:52,373 - INFO - Fetched 2 tables successfully.
2025-09-22 16:10:07,047 - INFO - Fetched 59 items successfully.
2025-09-22 16:10:07,705 - INFO - Fetched 14 orders successfully.
2025-09-22 16:10:07,878 - INFO - Fetched 10 orders successfully.
2025-09-22 16:10:09,988 - INFO - Fetched 14 categories successfully.
2025-09-22 16:10:10,003 - INFO - Fetched 0 items successfully.
2025-09-22 16:10:10,019 - INFO - Fetched 2 tables successfully.
2025-09-22 16:27:19,393 - INFO - Fetched 59 items successfully.
2025-09-22 16:27:20,059 - INFO - Fetched 14 orders successfully.
2025-09-22 16:27:20,237 - INFO - Fetched 10 orders successfully.
2025-09-22 16:27:22,818 - INFO - Fetched 14 categories successfully.
2025-09-22 16:27:22,835 - INFO - Fetched 0 items successfully.
2025-09-22 16:27:22,851 - INFO - Fetched 2 tables successfully.
2025-09-22 16:27:22,894 - INFO - Fetched 59 items successfully.
2025-09-22 16:27:29,342 - INFO - Item ID 5 has 0 variations.
2025-09-22 16:27:29,437 - INFO - Item 'Chicken Seekh Salad' added to order 19.
2025-09-22 16:27:30,540 - INFO - Item ID 10 has 0 variations.
2025-09-22 16:27:30,628 - INFO - Item 'Paneer Roll' added to order 19.
2025-09-22 16:27:33,184 - INFO - Order info fetched successfully for order_id: 19
2025-09-22 16:47:16,822 - INFO - Fetched 10 orders successfully.
