2025-09-29 12:42:51,366 - INFO - Fetched 59 items successfully.
2025-09-29 12:42:52,007 - INFO - Fetched 1 orders successfully.
2025-09-29 12:42:52,049 - INFO - Fetched 1 orders successfully.
2025-09-29 12:42:56,372 - INFO - Fetched 14 categories successfully.
2025-09-29 12:42:56,386 - INFO - Fetched 0 items successfully.
2025-09-29 12:42:56,401 - INFO - Fetched 59 items successfully.
2025-09-29 12:42:57,387 - INFO - Fetched 14 categories successfully.
2025-09-29 12:42:57,406 - INFO - Fetched 59 items successfully.
2025-09-29 12:42:58,733 - INFO - Fetched 1 orders successfully.
2025-09-29 12:43:01,387 - INFO - Fetched 1 orders successfully.
2025-09-29 12:43:02,335 - INFO - Fetched 14 categories successfully.
2025-09-29 12:43:02,354 - INFO - Fetched 59 items successfully.
2025-09-29 12:43:03,122 - INFO - Fetched 14 categories successfully.
2025-09-29 12:43:05,357 - INFO - Fetched 59 items successfully.
2025-09-29 12:43:06,008 - INFO - Fetched 14 categories successfully.
2025-09-29 12:43:06,021 - INFO - Fetched 59 items successfully.
2025-09-29 12:43:06,376 - INFO - Fetched 2 tables successfully.
2025-09-29 12:44:14,037 - INFO - Item ID 3 has 0 variations.
2025-09-29 12:44:14,137 - INFO - Item 'Chicken Quarter 1/4' with ID 3 added to cart (Qty: 1).
2025-09-29 12:44:14,297 - INFO - Item ID 3 has 0 variations.
2025-09-29 12:44:14,377 - INFO - Item 'Chicken Quarter 1/4' with ID 3 added to cart (Qty: 1).
2025-09-29 12:44:39,777 - INFO - Fetched 1 orders successfully.
2025-09-29 12:44:41,459 - INFO - Fetched 14 categories successfully.
2025-09-29 12:44:41,474 - INFO - Fetched 59 items successfully.
2025-09-29 12:44:45,607 - INFO - Fetched 1 orders successfully.
2025-09-29 12:44:46,955 - INFO - Fetched 1 orders successfully.
2025-09-29 12:44:50,757 - INFO - Fetched 14 categories successfully.
2025-09-29 12:44:50,768 - INFO - Fetched 0 items successfully.
2025-09-29 12:44:50,780 - INFO - Fetched 2 tables successfully.
2025-09-29 12:44:50,812 - INFO - Fetched 59 items successfully.
2025-09-29 12:46:14,948 - INFO - Fetched 1 orders successfully.
2025-09-29 12:46:18,291 - INFO - Fetched 14 categories successfully.
2025-09-29 12:46:18,318 - INFO - Fetched 0 items successfully.
2025-09-29 12:46:18,332 - INFO - Fetched 2 tables successfully.
2025-09-29 12:46:18,363 - INFO - Fetched 59 items successfully.
2025-09-29 12:46:20,365 - INFO - Fetched 1 orders successfully.
2025-09-29 12:46:22,869 - INFO - Fetched 1 orders successfully.
2025-09-29 12:59:45,741 - INFO - Fetched 1 orders successfully.
2025-09-29 12:59:47,305 - INFO - Fetched 1 orders successfully.
2025-09-29 12:59:48,635 - INFO - Fetched 1 orders successfully.
2025-09-29 12:59:49,891 - INFO - Fetched 14 categories successfully.
2025-09-29 12:59:49,904 - INFO - Fetched 0 items successfully.
2025-09-29 12:59:49,917 - INFO - Fetched 2 tables successfully.
2025-09-29 12:59:49,952 - INFO - Fetched 59 items successfully.
2025-09-29 12:59:54,330 - INFO - Order with ID 1 updated successfully.
2025-09-29 12:59:55,425 - INFO - Fetched 0 orders successfully.
2025-09-29 12:59:56,352 - INFO - Fetched 1 orders successfully.
