2025-09-26 11:59:35,337 - INFO - Fetched 59 items successfully.
2025-09-26 11:59:35,964 - INFO - Fetched 14 orders successfully.
2025-09-26 11:59:36,133 - INFO - Fetched 10 orders successfully.
2025-09-26 11:59:39,498 - INFO - Fetched 14 orders successfully.
2025-09-26 12:08:38,571 - INFO - Fetched 59 items successfully.
2025-09-26 12:08:39,207 - INFO - Fetched 1 orders successfully.
2025-09-26 12:08:39,249 - INFO - Fetched 1 orders successfully.
2025-09-26 12:08:41,809 - INFO - Fetched 1 orders successfully.
2025-09-26 12:08:42,966 - INFO - Fetched 59 items successfully.
2025-09-26 12:08:43,443 - INFO - Fetched 14 categories successfully.
2025-09-26 12:08:43,463 - INFO - Fetched 59 items successfully.
2025-09-26 12:08:43,838 - INFO - Fetched 2 tables successfully.
2025-09-26 12:08:45,035 - INFO - Item ID 1 has 0 variations.
2025-09-26 12:08:45,134 - INFO - Item 'Chips (Normal)' with ID 1 added to cart (Qty: 1).
2025-09-26 12:08:47,130 - INFO - Fetched 2 orders successfully.
2025-09-26 12:08:50,382 - INFO - Fetched 2 tables successfully.
2025-09-26 12:08:51,554 - INFO - Fetched 2 orders successfully.
2025-09-26 12:09:09,672 - INFO - Order with ID 1 and its items deleted successfully.
2025-09-26 12:09:09,685 - INFO - Fetched 1 orders successfully.
2025-09-26 12:09:13,395 - INFO - Fetched 59 items successfully.
2025-09-26 12:09:13,900 - INFO - Fetched 14 categories successfully.
2025-09-26 12:09:13,916 - INFO - Fetched 59 items successfully.
2025-09-26 12:09:14,444 - INFO - Fetched 59 items successfully.
2025-09-26 12:09:14,958 - INFO - Fetched 2 tables successfully.
2025-09-26 12:09:16,647 - INFO - Item ID 7 has 0 variations.
2025-09-26 12:09:16,739 - INFO - Item 'Samosa' with ID 7 added to cart (Qty: 1).
2025-09-26 12:09:17,217 - INFO - Item ID 8 has 0 variations.
2025-09-26 12:09:17,320 - INFO - Item 'Sausage' with ID 8 added to cart (Qty: 1).
2025-09-26 12:09:18,564 - INFO - Fetched 2 orders successfully.
2025-09-26 12:09:18,583 - INFO - Fetched 2 orders successfully.
2025-09-26 12:09:20,399 - INFO - Fetched 2 orders successfully.
2025-09-26 12:09:24,861 - INFO - Order info fetched successfully for order_id: 21
2025-09-26 12:11:59,671 - INFO - Fetched 59 items successfully.
2025-09-26 12:12:00,279 - INFO - Fetched 2 orders successfully.
2025-09-26 12:12:00,331 - INFO - Fetched 2 orders successfully.
2025-09-26 12:12:03,796 - INFO - Fetched 59 items successfully.
2025-09-26 12:12:04,252 - INFO - Fetched 14 categories successfully.
2025-09-26 12:12:04,264 - INFO - Fetched 59 items successfully.
2025-09-26 12:12:04,595 - INFO - Fetched 2 tables successfully.
2025-09-26 12:12:05,806 - INFO - Item ID 7 has 0 variations.
2025-09-26 12:12:05,920 - INFO - Item 'Samosa' with ID 7 added to cart (Qty: 1).
2025-09-26 12:12:07,205 - INFO - Fetched 3 orders successfully.
2025-09-26 12:12:09,687 - INFO - Fetched 3 orders successfully.
2025-09-26 12:12:11,285 - INFO - Fetched 3 orders successfully.
2025-09-26 12:15:38,224 - INFO - Fetched 59 items successfully.
2025-09-26 12:15:38,890 - INFO - Fetched 3 orders successfully.
2025-09-26 12:15:38,954 - INFO - Fetched 3 orders successfully.
2025-09-26 12:15:41,873 - INFO - Fetched 3 orders successfully.
2025-09-26 12:15:43,001 - INFO - Fetched 3 orders successfully.
2025-09-26 12:16:01,883 - INFO - Fetched 59 items successfully.
2025-09-26 12:16:02,329 - INFO - Fetched 14 categories successfully.
2025-09-26 12:16:02,340 - INFO - Fetched 59 items successfully.
2025-09-26 12:16:02,656 - INFO - Fetched 2 tables successfully.
2025-09-26 12:16:03,695 - INFO - Item ID 2 has 0 variations.
2025-09-26 12:16:03,788 - INFO - Item 'Chips Masala' with ID 2 added to cart (Qty: 1).
2025-09-26 12:16:05,010 - INFO - Fetched 4 orders successfully.
2025-09-26 12:16:10,902 - INFO - Fetched 4 orders successfully.
2025-09-26 12:16:14,801 - INFO - Fetched 4 orders successfully.
2025-09-26 12:16:15,491 - INFO - Fetched 14 categories successfully.
2025-09-26 12:16:15,506 - INFO - Fetched 0 items successfully.
2025-09-26 12:16:15,520 - INFO - Fetched 59 items successfully.
2025-09-26 12:16:16,395 - INFO - Fetched 4 orders successfully.
2025-09-26 12:16:20,355 - INFO - Fetched 4 orders successfully.
2025-09-26 12:32:26,287 - INFO - Fetched 59 items successfully.
2025-09-26 12:32:26,957 - INFO - Fetched 4 orders successfully.
2025-09-26 12:32:27,021 - INFO - Fetched 4 orders successfully.
2025-09-26 12:32:30,580 - INFO - Fetched 59 items successfully.
2025-09-26 12:32:31,049 - INFO - Fetched 14 categories successfully.
2025-09-26 12:32:31,062 - INFO - Fetched 59 items successfully.
2025-09-26 12:32:31,419 - INFO - Fetched 2 tables successfully.
2025-09-26 12:32:32,742 - INFO - Item ID 2 has 0 variations.
2025-09-26 12:32:32,831 - INFO - Item 'Chips Masala' with ID 2 added to cart (Qty: 1).
2025-09-26 12:32:34,578 - INFO - Fetched 5 orders successfully.
2025-09-26 12:32:37,568 - INFO - Fetched 5 orders successfully.
2025-09-26 12:32:38,885 - INFO - Fetched 5 orders successfully.
2025-09-26 12:36:39,438 - INFO - Fetched 59 items successfully.
2025-09-26 12:36:40,091 - INFO - Fetched 5 orders successfully.
2025-09-26 12:36:40,173 - INFO - Fetched 5 orders successfully.
2025-09-26 12:36:43,374 - INFO - Fetched 5 orders successfully.
2025-09-26 12:36:44,732 - INFO - Fetched 59 items successfully.
2025-09-26 12:36:45,211 - INFO - Fetched 14 categories successfully.
2025-09-26 12:36:45,226 - INFO - Fetched 59 items successfully.
2025-09-26 12:36:45,554 - INFO - Fetched 2 tables successfully.
2025-09-26 12:36:46,715 - INFO - Item ID 3 has 0 variations.
2025-09-26 12:36:46,810 - INFO - Item 'Chicken Quarter 1/4' with ID 3 added to cart (Qty: 1).
2025-09-26 12:36:49,052 - INFO - Fetched 6 orders successfully.
2025-09-26 12:36:56,493 - INFO - Fetched 6 orders successfully.
2025-09-26 12:36:59,613 - INFO - Fetched 14 categories successfully.
2025-09-26 12:36:59,633 - INFO - Fetched 0 items successfully.
2025-09-26 12:36:59,649 - INFO - Fetched 59 items successfully.
2025-09-26 12:37:00,432 - INFO - Fetched 6 orders successfully.
2025-09-26 12:37:02,792 - INFO - Order info fetched successfully for order_id: 25
2025-09-26 12:37:08,546 - INFO - Order with ID 25 and its items deleted successfully.
2025-09-26 12:37:08,555 - INFO - Fetched 5 orders successfully.
2025-09-26 12:37:10,694 - INFO - Order with ID 23 and its items deleted successfully.
2025-09-26 12:37:10,705 - INFO - Fetched 4 orders successfully.
2025-09-26 12:37:12,855 - INFO - Order with ID 24 and its items deleted successfully.
2025-09-26 12:37:12,864 - INFO - Fetched 3 orders successfully.
2025-09-26 12:37:15,056 - INFO - Order with ID 22 and its items deleted successfully.
2025-09-26 12:37:15,065 - INFO - Fetched 2 orders successfully.
2025-09-26 12:37:17,569 - INFO - Order with ID 21 and its items deleted successfully.
2025-09-26 12:37:17,579 - INFO - Fetched 1 orders successfully.
2025-09-26 12:37:21,865 - INFO - Order with ID 0 and its items deleted successfully.
2025-09-26 12:37:21,876 - INFO - Fetched 0 orders successfully.
2025-09-26 12:37:24,023 - INFO - Fetched 0 orders successfully.
2025-09-26 12:37:25,671 - INFO - Fetched 0 orders successfully.
2025-09-26 12:37:37,130 - INFO - Fetched 59 items successfully.
2025-09-26 12:37:37,660 - INFO - Fetched 14 categories successfully.
2025-09-26 12:37:37,674 - INFO - Fetched 59 items successfully.
2025-09-26 12:37:38,183 - INFO - Fetched 59 items successfully.
2025-09-26 12:37:38,727 - INFO - Fetched 2 tables successfully.
2025-09-26 12:37:39,737 - INFO - Item ID 2 has 0 variations.
2025-09-26 12:37:39,835 - INFO - Item 'Chips Masala' with ID 2 added to cart (Qty: 1).
2025-09-26 12:37:41,144 - INFO - Fetched 1 orders successfully.
2025-09-26 12:37:41,158 - INFO - Fetched 1 orders successfully.
2025-09-26 12:37:42,591 - INFO - Fetched 1 orders successfully.
2025-09-26 12:37:48,338 - INFO - Fetched 59 items successfully.
2025-09-26 12:37:48,876 - INFO - Fetched 14 categories successfully.
2025-09-26 12:37:48,887 - INFO - Fetched 59 items successfully.
2025-09-26 12:37:49,341 - INFO - Fetched 59 items successfully.
2025-09-26 12:37:49,908 - INFO - Fetched 2 tables successfully.
2025-09-26 12:37:52,130 - INFO - Item ID 14 has 0 variations.
2025-09-26 12:37:52,210 - INFO - Item 'Dasani 500' with ID 14 added to cart (Qty: 1).
2025-09-26 12:38:01,450 - INFO - Fetched 2 orders successfully.
2025-09-26 12:38:01,467 - INFO - Fetched 2 orders successfully.
2025-09-26 12:38:01,484 - INFO - Fetched 2 orders successfully.
2025-09-26 12:38:05,633 - INFO - Fetched 2 orders successfully.
2025-09-26 12:38:11,266 - INFO - Fetched 14 categories successfully.
2025-09-26 12:38:11,280 - INFO - Fetched 59 items successfully.
2025-09-26 12:38:12,178 - INFO - Fetched 2 orders successfully.
2025-09-26 12:38:13,398 - INFO - Fetched 14 categories successfully.
2025-09-26 12:38:13,414 - INFO - Fetched 59 items successfully.
2025-09-26 12:38:14,160 - INFO - Fetched 14 categories successfully.
2025-09-26 12:38:14,178 - INFO - Fetched 59 items successfully.
2025-09-26 12:38:15,593 - INFO - Fetched 14 categories successfully.
2025-09-26 12:38:16,953 - INFO - Fetched 2 tables successfully.
2025-09-26 12:38:19,076 - INFO - Fetched 2 orders successfully.
2025-09-26 12:38:21,886 - INFO - Fetched 14 categories successfully.
2025-09-26 12:38:21,900 - INFO - Fetched 0 items successfully.
2025-09-26 12:38:21,912 - INFO - Fetched 2 tables successfully.
2025-09-26 12:38:21,943 - INFO - Fetched 59 items successfully.
2025-09-26 12:38:52,240 - INFO - Order with ID 1 updated successfully.
2025-09-26 12:38:53,154 - INFO - Fetched 1 orders successfully.
2025-09-26 12:38:54,505 - INFO - Fetched 1 orders successfully.
2025-09-26 12:38:55,890 - INFO - Fetched 2 orders successfully.
2025-09-26 12:39:13,325 - INFO - Order info fetched successfully for order_id: 2
2025-09-26 12:39:20,303 - INFO - Order with ID 2 and its items deleted successfully.
2025-09-26 12:39:20,312 - INFO - Fetched 1 orders successfully.
2025-09-26 12:39:26,742 - INFO - Fetched 59 items successfully.
2025-09-26 12:39:27,317 - INFO - Fetched 14 categories successfully.
2025-09-26 12:39:27,329 - INFO - Fetched 59 items successfully.
2025-09-26 12:39:27,910 - INFO - Fetched 59 items successfully.
2025-09-26 12:39:28,534 - INFO - Fetched 2 tables successfully.
2025-09-26 12:39:29,811 - INFO - Item ID 2 has 0 variations.
2025-09-26 12:39:29,891 - INFO - Item 'Chips Masala' with ID 2 added to cart (Qty: 1).
2025-09-26 12:39:39,432 - INFO - Fetched 1 orders successfully.
2025-09-26 12:39:39,450 - INFO - Fetched 1 orders successfully.
2025-09-26 12:39:39,468 - INFO - Fetched 1 orders successfully.
2025-09-26 12:39:39,485 - INFO - Fetched 1 orders successfully.
2025-09-26 12:39:42,111 - INFO - Fetched 1 orders successfully.
2025-09-26 12:39:43,484 - INFO - Fetched 2 orders successfully.
2025-09-26 12:39:56,364 - INFO - Fetched 59 items successfully.
2025-09-26 12:39:56,880 - INFO - Fetched 14 categories successfully.
2025-09-26 12:39:56,892 - INFO - Fetched 59 items successfully.
2025-09-26 12:39:57,467 - INFO - Fetched 59 items successfully.
2025-09-26 12:39:57,990 - INFO - Fetched 2 tables successfully.
2025-09-26 12:39:59,678 - INFO - Fetched 1 orders successfully.
2025-09-26 12:39:59,695 - INFO - Fetched 1 orders successfully.
2025-09-26 12:39:59,711 - INFO - Fetched 1 orders successfully.
2025-09-26 12:39:59,726 - INFO - Fetched 1 orders successfully.
2025-09-26 12:39:59,741 - INFO - Fetched 1 orders successfully.
2025-09-26 12:40:01,334 - INFO - Fetched 2 orders successfully.
2025-09-26 12:40:13,227 - INFO - Order with ID 2 and its items deleted successfully.
2025-09-26 12:40:13,240 - INFO - Fetched 1 orders successfully.
2025-09-26 12:40:16,991 - INFO - Order with ID 1 and its items deleted successfully.
2025-09-26 12:40:17,002 - INFO - Fetched 0 orders successfully.
2025-09-26 12:52:24,099 - INFO - Fetched 59 items successfully.
2025-09-26 12:52:24,716 - INFO - Fetched 0 orders successfully.
2025-09-26 12:52:24,729 - INFO - Fetched 0 orders successfully.
2025-09-26 12:52:25,832 - INFO - Fetched 59 items successfully.
2025-09-26 12:52:26,264 - INFO - Fetched 14 categories successfully.
2025-09-26 12:52:26,276 - INFO - Fetched 59 items successfully.
2025-09-26 12:52:26,611 - INFO - Fetched 2 tables successfully.
2025-09-26 12:52:36,840 - INFO - Item ID 19 has 0 variations.
2025-09-26 12:52:36,932 - INFO - Item 'Afya' with ID 19 added to cart (Qty: 1).
2025-09-26 12:52:38,953 - INFO - Fetched 1 orders successfully.
2025-09-26 12:52:41,591 - INFO - Fetched 1 orders successfully.
2025-09-26 12:52:43,356 - INFO - Fetched 1 orders successfully.
2025-09-26 12:52:46,166 - INFO - Fetched 2 tables successfully.
2025-09-26 12:52:47,239 - INFO - Fetched 59 items successfully.
2025-09-26 12:52:47,810 - INFO - Fetched 14 categories successfully.
2025-09-26 12:52:47,826 - INFO - Fetched 59 items successfully.
2025-09-26 12:52:48,407 - INFO - Fetched 59 items successfully.
2025-09-26 12:52:49,011 - INFO - Fetched 2 tables successfully.
2025-09-26 12:52:53,189 - INFO - Fetched 1 orders successfully.
2025-09-26 12:52:53,207 - INFO - Fetched 1 orders successfully.
2025-09-26 12:52:54,166 - INFO - Fetched 2 tables successfully.
2025-09-26 12:52:55,090 - INFO - Fetched 14 categories successfully.
2025-09-26 12:52:56,563 - INFO - Fetched 14 categories successfully.
2025-09-26 12:52:56,578 - INFO - Fetched 0 items successfully.
2025-09-26 12:52:56,591 - INFO - Fetched 59 items successfully.
2025-09-26 12:52:57,429 - INFO - Fetched 14 categories successfully.
2025-09-26 12:52:57,443 - INFO - Fetched 59 items successfully.
2025-09-26 12:53:04,367 - INFO - Fetched 1 orders successfully.
2025-09-26 12:53:05,660 - INFO - Fetched 1 orders successfully.
2025-09-26 12:59:11,025 - INFO - Fetched 14 categories successfully.
2025-09-26 12:59:11,045 - INFO - Fetched 59 items successfully.
2025-09-26 13:16:29,176 - INFO - Fetched 59 items successfully.
2025-09-26 13:16:29,827 - INFO - Fetched 1 orders successfully.
2025-09-26 13:16:29,870 - INFO - Fetched 1 orders successfully.
2025-09-26 13:16:33,216 - INFO - Fetched 1 orders successfully.
