2025-11-04 12:10:09,042 - INFO - Fetched 59 items successfully.
2025-11-04 12:10:09,348 - INFO - Fetched 1 orders successfully.
2025-11-04 12:10:09,376 - INFO - Fetched 0 orders successfully.
2025-11-04 12:10:10,802 - INFO - Fetched 59 items successfully.
2025-11-04 12:10:11,109 - INFO - Fetched 14 categories successfully.
2025-11-04 12:10:11,112 - INFO - Fetched 59 items successfully.
2025-11-04 12:10:11,332 - INFO - Fetched 2 tables successfully.
2025-11-04 12:10:13,963 - INFO - Item ID 2 has 0 variations.
2025-11-04 12:10:13,969 - INFO - Item 'Chips Masala' with ID 2 added to cart (Qty: 1).
2025-11-04 12:10:15,583 - INFO - Fetched 0 orders successfully.
2025-11-04 14:55:47,524 - INFO - Fetched 59 items successfully.
2025-11-04 14:55:48,023 - INFO - Fetched 14 categories successfully.
2025-11-04 14:55:48,028 - INFO - Fetched 59 items successfully.
2025-11-04 14:55:48,335 - INFO - Fetched 59 items successfully.
2025-11-04 14:55:48,623 - INFO - Fetched 2 tables successfully.
2025-11-04 14:57:27,171 - INFO - Item ID 2 has 0 variations.
2025-11-04 14:57:27,180 - INFO - Item 'Chips Masala' with ID 2 added to cart (Qty: 1).
2025-11-04 14:57:29,173 - INFO - Fetched 1 orders successfully.
2025-11-04 14:57:29,227 - INFO - Fetched 1 orders successfully.
2025-11-04 14:57:32,579 - INFO - Fetched 59 items successfully.
2025-11-04 14:57:32,800 - INFO - Fetched 14 categories successfully.
2025-11-04 14:57:32,803 - INFO - Fetched 59 items successfully.
2025-11-04 14:57:33,014 - INFO - Fetched 59 items successfully.
2025-11-04 14:57:33,225 - INFO - Fetched 2 tables successfully.
2025-11-04 14:57:34,858 - INFO - Fetched 1 orders successfully.
2025-11-04 14:57:34,872 - INFO - Fetched 1 orders successfully.
2025-11-04 14:57:34,886 - INFO - Fetched 1 orders successfully.
2025-11-04 15:08:38,490 - INFO - Fetched 59 items successfully.
2025-11-04 15:08:39,020 - INFO - Fetched 2 orders successfully.
2025-11-04 15:08:39,044 - INFO - Fetched 1 orders successfully.
2025-11-04 15:08:40,508 - INFO - Fetched 59 items successfully.
2025-11-04 15:08:40,805 - INFO - Fetched 14 categories successfully.
2025-11-04 15:08:40,807 - INFO - Fetched 59 items successfully.
2025-11-04 15:08:41,041 - INFO - Fetched 2 tables successfully.
2025-11-04 15:09:37,906 - INFO - Fetched 1 orders successfully.
2025-11-04 15:10:34,645 - INFO - Fetched 59 items successfully.
2025-11-04 15:10:35,060 - INFO - Fetched 2 orders successfully.
2025-11-04 15:10:35,079 - INFO - Fetched 1 orders successfully.
2025-11-04 15:10:36,986 - INFO - Fetched 59 items successfully.
2025-11-04 15:10:37,607 - INFO - Fetched 14 categories successfully.
2025-11-04 15:10:37,609 - INFO - Fetched 59 items successfully.
2025-11-04 15:10:37,825 - INFO - Fetched 2 tables successfully.
2025-11-04 15:10:40,441 - INFO - Fetched 1 orders successfully.
