2025-09-19 09:31:41,168 - INFO - Fetched 59 items successfully.
2025-09-19 09:31:41,751 - INFO - Fetched 13 orders successfully.
2025-09-19 09:31:41,888 - INFO - Fetched 9 orders successfully.
2025-09-19 09:31:44,571 - INFO - Fetched 14 categories successfully.
2025-09-19 09:31:44,582 - INFO - Fetched 0 items successfully.
2025-09-19 09:31:44,592 - INFO - Fetched 59 items successfully.
2025-09-19 09:32:05,125 - INFO - Fetched 59 items successfully.
2025-09-19 09:32:05,830 - INFO - Fetched 13 orders successfully.
2025-09-19 09:32:06,000 - INFO - Fetched 9 orders successfully.
2025-09-19 09:32:09,408 - INFO - Fetched 13 orders successfully.
2025-09-19 09:32:11,637 - INFO - Fetched 59 items successfully.
2025-09-19 09:32:12,337 - INFO - Fetched 14 categories successfully.
2025-09-19 09:32:12,353 - INFO - Fetched 59 items successfully.
2025-09-19 09:32:12,915 - INFO - Fetched 2 tables successfully.
2025-09-19 09:32:27,059 - INFO - Fetched 9 orders successfully.
2025-09-19 09:32:38,571 - INFO - Fetched 59 items successfully.
2025-09-19 09:32:39,218 - INFO - Fetched 13 orders successfully.
2025-09-19 09:32:39,379 - INFO - Fetched 9 orders successfully.
2025-09-19 09:32:42,411 - INFO - Fetched 59 items successfully.
2025-09-19 09:32:43,132 - INFO - Fetched 14 categories successfully.
2025-09-19 09:32:43,147 - INFO - Fetched 59 items successfully.
2025-09-19 09:32:43,743 - INFO - Fetched 2 tables successfully.
2025-09-19 09:32:58,969 - INFO - Fetched 9 orders successfully.
2025-09-19 09:33:00,706 - INFO - Fetched 14 categories successfully.
2025-09-19 09:33:00,725 - INFO - Fetched 0 items successfully.
2025-09-19 09:33:00,739 - INFO - Fetched 59 items successfully.
2025-09-19 09:33:01,857 - INFO - Fetched 14 categories successfully.
2025-09-19 09:33:01,876 - INFO - Fetched 59 items successfully.
2025-09-19 09:35:54,562 - INFO - Fetched 59 items successfully.
2025-09-19 09:35:55,241 - INFO - Fetched 13 orders successfully.
2025-09-19 09:35:55,414 - INFO - Fetched 9 orders successfully.
2025-09-19 09:35:57,517 - INFO - Fetched 59 items successfully.
2025-09-19 09:35:58,198 - INFO - Fetched 14 categories successfully.
2025-09-19 09:35:58,212 - INFO - Fetched 59 items successfully.
2025-09-19 09:35:58,747 - INFO - Fetched 2 tables successfully.
2025-09-19 09:36:16,792 - INFO - Fetched 9 orders successfully.
2025-09-19 09:36:23,755 - INFO - Fetched 14 categories successfully.
2025-09-19 09:36:23,772 - INFO - Fetched 0 items successfully.
2025-09-19 09:36:23,789 - INFO - Fetched 59 items successfully.
2025-09-19 09:36:24,889 - INFO - Fetched 14 categories successfully.
2025-09-19 09:36:24,908 - INFO - Fetched 59 items successfully.
2025-09-19 09:45:41,452 - INFO - Fetched 59 items successfully.
2025-09-19 09:45:42,098 - INFO - Fetched 13 orders successfully.
2025-09-19 09:45:42,266 - INFO - Fetched 9 orders successfully.
2025-09-19 09:45:43,651 - INFO - Fetched 59 items successfully.
2025-09-19 09:45:44,344 - INFO - Fetched 14 categories successfully.
2025-09-19 09:45:44,359 - INFO - Fetched 59 items successfully.
2025-09-19 09:45:44,899 - INFO - Fetched 2 tables successfully.
2025-09-19 09:45:52,072 - INFO - Fetched 9 orders successfully.
2025-09-19 09:46:18,307 - INFO - Fetched 59 items successfully.
2025-09-19 09:46:18,989 - INFO - Fetched 13 orders successfully.
2025-09-19 09:46:19,151 - INFO - Fetched 9 orders successfully.
2025-09-19 09:46:20,962 - INFO - Fetched 14 categories successfully.
2025-09-19 09:46:20,976 - INFO - Fetched 0 items successfully.
2025-09-19 09:46:20,989 - INFO - Fetched 59 items successfully.
2025-09-19 09:46:21,865 - INFO - Fetched 14 categories successfully.
2025-09-19 09:46:21,884 - INFO - Fetched 59 items successfully.
2025-09-19 09:46:25,073 - INFO - Fetched 14 categories successfully.
2025-09-19 09:46:37,952 - INFO - Item ID 1 updated to 'Pizza'.
2025-09-19 09:46:37,971 - INFO - Fetched 59 items successfully.
2025-09-19 09:46:41,264 - INFO - Fetched 14 categories successfully.
2025-09-19 09:46:41,282 - INFO - Fetched 59 items successfully.
2025-09-19 09:46:42,697 - INFO - Fetched 14 categories successfully.
2025-09-19 09:46:42,725 - INFO - Fetched 59 items successfully.
2025-09-19 09:46:43,334 - INFO - Fetched 13 orders successfully.
2025-09-19 09:46:44,727 - INFO - Fetched 2 tables successfully.
2025-09-19 09:46:45,706 - INFO - Fetched 59 items successfully.
2025-09-19 09:46:46,348 - INFO - Fetched 14 categories successfully.
2025-09-19 09:46:46,362 - INFO - Fetched 59 items successfully.
2025-09-19 09:46:46,937 - INFO - Fetched 2 tables successfully.
2025-09-19 09:46:48,668 - INFO - Fetched 9 orders successfully.
2025-09-19 09:50:13,391 - INFO - Fetched 59 items successfully.
2025-09-19 09:50:14,075 - INFO - Fetched 13 orders successfully.
2025-09-19 09:50:14,246 - INFO - Fetched 9 orders successfully.
2025-09-19 09:50:16,275 - INFO - Fetched 59 items successfully.
2025-09-19 09:50:17,025 - INFO - Fetched 14 categories successfully.
2025-09-19 09:50:17,103 - INFO - Fetched 59 items successfully.
2025-09-19 09:50:17,677 - INFO - Fetched 2 tables successfully.
2025-09-19 09:50:20,723 - INFO - Fetched 9 orders successfully.
2025-09-19 09:53:01,455 - INFO - Fetched 59 items successfully.
2025-09-19 09:53:02,094 - INFO - Fetched 13 orders successfully.
2025-09-19 09:53:02,246 - INFO - Fetched 9 orders successfully.
