2025-09-22 16:13:41,122 - ERROR - Database error while fetching items: no such table: items
Traceback (most recent call last):
  File "\\winshare1.nphl.or.ke\users\haroun\Desktop\gcs\uu\service\db_service.py", line 281, in fetch_items
    cursor.execute(query, params)
    ~~~~~~~~~~~~~~^^^^^^^^^^^^^^^
sqlite3.OperationalError: no such table: items
2025-09-22 16:13:41,158 - ERROR - Database error while fetching all orders: no such table: orders
Traceback (most recent call last):
  File "\\winshare1.nphl.or.ke\users\haroun\Desktop\gcs\uu\service\db_service.py", line 35, in fetch_all_orders
    cursor.execute(query, params)
    ~~~~~~~~~~~~~~^^^^^^^^^^^^^^^
sqlite3.OperationalError: no such table: orders
2025-09-22 16:13:41,181 - ERROR - Database error while fetching all orders: no such table: orders
Traceback (most recent call last):
  File "\\winshare1.nphl.or.ke\users\haroun\Desktop\gcs\uu\service\db_service.py", line 52, in fetch_running_orders
    cursor.execute(query)
    ~~~~~~~~~~~~~~^^^^^^^
sqlite3.OperationalError: no such table: orders
2025-09-22 16:13:44,790 - ERROR - Database error while fetching items: no such table: items
Traceback (most recent call last):
  File "\\winshare1.nphl.or.ke\users\haroun\Desktop\gcs\uu\service\db_service.py", line 281, in fetch_items
    cursor.execute(query, params)
    ~~~~~~~~~~~~~~^^^^^^^^^^^^^^^
sqlite3.OperationalError: no such table: items
2025-09-22 16:13:44,803 - ERROR - Database error while fetching categories: no such table: category
Traceback (most recent call last):
  File "\\winshare1.nphl.or.ke\users\haroun\Desktop\gcs\uu\service\db_service.py", line 69, in fetch_categories
    cursor.execute(query)
    ~~~~~~~~~~~~~~^^^^^^^
sqlite3.OperationalError: no such table: category
2025-09-22 16:13:44,816 - ERROR - Database error while fetching items: no such table: items
Traceback (most recent call last):
  File "\\winshare1.nphl.or.ke\users\haroun\Desktop\gcs\uu\service\db_service.py", line 281, in fetch_items
    cursor.execute(query, params)
    ~~~~~~~~~~~~~~^^^^^^^^^^^^^^^
sqlite3.OperationalError: no such table: items
2025-09-22 16:13:44,834 - ERROR - Database error while fetching tables: no such table: shop_tables
Traceback (most recent call last):
  File "\\winshare1.nphl.or.ke\users\haroun\Desktop\gcs\uu\service\db_service.py", line 168, in fetch_tables
    cursor.execute(query)
    ~~~~~~~~~~~~~~^^^^^^^
sqlite3.OperationalError: no such table: shop_tables
2025-09-22 16:13:46,370 - ERROR - Database error while fetching all orders: no such table: orders
Traceback (most recent call last):
  File "\\winshare1.nphl.or.ke\users\haroun\Desktop\gcs\uu\service\db_service.py", line 52, in fetch_running_orders
    cursor.execute(query)
    ~~~~~~~~~~~~~~^^^^^^^
sqlite3.OperationalError: no such table: orders
2025-09-22 16:14:49,743 - ERROR - Database error while fetching items: no such table: items
Traceback (most recent call last):
  File "\\winshare1.nphl.or.ke\users\haroun\Desktop\gcs\uu\service\db_service.py", line 281, in fetch_items
    cursor.execute(query, params)
    ~~~~~~~~~~~~~~^^^^^^^^^^^^^^^
sqlite3.OperationalError: no such table: items
2025-09-22 16:14:49,790 - ERROR - Database error while fetching all orders: no such table: orders
Traceback (most recent call last):
  File "\\winshare1.nphl.or.ke\users\haroun\Desktop\gcs\uu\service\db_service.py", line 35, in fetch_all_orders
    cursor.execute(query, params)
    ~~~~~~~~~~~~~~^^^^^^^^^^^^^^^
sqlite3.OperationalError: no such table: orders
2025-09-22 16:14:49,811 - ERROR - Database error while fetching all orders: no such table: orders
Traceback (most recent call last):
  File "\\winshare1.nphl.or.ke\users\haroun\Desktop\gcs\uu\service\db_service.py", line 52, in fetch_running_orders
    cursor.execute(query)
    ~~~~~~~~~~~~~~^^^^^^^
sqlite3.OperationalError: no such table: orders
2025-09-22 16:14:52,262 - ERROR - Database error while fetching items: no such table: items
Traceback (most recent call last):
  File "\\winshare1.nphl.or.ke\users\haroun\Desktop\gcs\uu\service\db_service.py", line 281, in fetch_items
    cursor.execute(query, params)
    ~~~~~~~~~~~~~~^^^^^^^^^^^^^^^
sqlite3.OperationalError: no such table: items
2025-09-22 16:14:52,286 - ERROR - Database error while fetching categories: no such table: category
Traceback (most recent call last):
  File "\\winshare1.nphl.or.ke\users\haroun\Desktop\gcs\uu\service\db_service.py", line 69, in fetch_categories
    cursor.execute(query)
    ~~~~~~~~~~~~~~^^^^^^^
sqlite3.OperationalError: no such table: category
2025-09-22 16:14:52,308 - ERROR - Database error while fetching items: no such table: items
Traceback (most recent call last):
  File "\\winshare1.nphl.or.ke\users\haroun\Desktop\gcs\uu\service\db_service.py", line 281, in fetch_items
    cursor.execute(query, params)
    ~~~~~~~~~~~~~~^^^^^^^^^^^^^^^
sqlite3.OperationalError: no such table: items
2025-09-22 16:14:52,337 - ERROR - Database error while fetching tables: no such table: shop_tables
Traceback (most recent call last):
  File "\\winshare1.nphl.or.ke\users\haroun\Desktop\gcs\uu\service\db_service.py", line 168, in fetch_tables
    cursor.execute(query)
    ~~~~~~~~~~~~~~^^^^^^^
sqlite3.OperationalError: no such table: shop_tables
2025-09-22 16:14:53,490 - ERROR - Database error while fetching all orders: no such table: orders
Traceback (most recent call last):
  File "\\winshare1.nphl.or.ke\users\haroun\Desktop\gcs\uu\service\db_service.py", line 52, in fetch_running_orders
    cursor.execute(query)
    ~~~~~~~~~~~~~~^^^^^^^
sqlite3.OperationalError: no such table: orders
2025-09-22 16:17:23,893 - ERROR - Database error while fetching items: no such table: items
Traceback (most recent call last):
  File "\\winshare1.nphl.or.ke\users\haroun\Desktop\gcs\uu\service\db_service.py", line 281, in fetch_items
    cursor.execute(query, params)
    ~~~~~~~~~~~~~~^^^^^^^^^^^^^^^
sqlite3.OperationalError: no such table: items
2025-09-22 16:17:23,931 - ERROR - Database error while fetching all orders: no such table: orders
Traceback (most recent call last):
  File "\\winshare1.nphl.or.ke\users\haroun\Desktop\gcs\uu\service\db_service.py", line 35, in fetch_all_orders
    cursor.execute(query, params)
    ~~~~~~~~~~~~~~^^^^^^^^^^^^^^^
sqlite3.OperationalError: no such table: orders
2025-09-22 16:17:23,949 - ERROR - Database error while fetching all orders: no such table: orders
Traceback (most recent call last):
  File "\\winshare1.nphl.or.ke\users\haroun\Desktop\gcs\uu\service\db_service.py", line 52, in fetch_running_orders
    cursor.execute(query)
    ~~~~~~~~~~~~~~^^^^^^^
sqlite3.OperationalError: no such table: orders
2025-09-22 16:17:25,741 - ERROR - Database error while fetching items: no such table: items
Traceback (most recent call last):
  File "\\winshare1.nphl.or.ke\users\haroun\Desktop\gcs\uu\service\db_service.py", line 281, in fetch_items
    cursor.execute(query, params)
    ~~~~~~~~~~~~~~^^^^^^^^^^^^^^^
sqlite3.OperationalError: no such table: items
2025-09-22 16:17:25,757 - ERROR - Database error while fetching categories: no such table: category
Traceback (most recent call last):
  File "\\winshare1.nphl.or.ke\users\haroun\Desktop\gcs\uu\service\db_service.py", line 69, in fetch_categories
    cursor.execute(query)
    ~~~~~~~~~~~~~~^^^^^^^
sqlite3.OperationalError: no such table: category
2025-09-22 16:17:25,773 - ERROR - Database error while fetching items: no such table: items
Traceback (most recent call last):
  File "\\winshare1.nphl.or.ke\users\haroun\Desktop\gcs\uu\service\db_service.py", line 281, in fetch_items
    cursor.execute(query, params)
    ~~~~~~~~~~~~~~^^^^^^^^^^^^^^^
sqlite3.OperationalError: no such table: items
2025-09-22 16:17:25,794 - ERROR - Database error while fetching tables: no such table: shop_tables
Traceback (most recent call last):
  File "\\winshare1.nphl.or.ke\users\haroun\Desktop\gcs\uu\service\db_service.py", line 168, in fetch_tables
    cursor.execute(query)
    ~~~~~~~~~~~~~~^^^^^^^
sqlite3.OperationalError: no such table: shop_tables
2025-09-22 16:17:26,666 - ERROR - Database error while fetching all orders: no such table: orders
Traceback (most recent call last):
  File "\\winshare1.nphl.or.ke\users\haroun\Desktop\gcs\uu\service\db_service.py", line 52, in fetch_running_orders
    cursor.execute(query)
    ~~~~~~~~~~~~~~^^^^^^^
sqlite3.OperationalError: no such table: orders
2025-09-22 16:19:38,371 - ERROR - Database error while fetching items: no such table: items
Traceback (most recent call last):
  File "\\winshare1.nphl.or.ke\users\haroun\Desktop\gcs\uu\service\db_service.py", line 281, in fetch_items
    cursor.execute(query, params)
    ~~~~~~~~~~~~~~^^^^^^^^^^^^^^^
sqlite3.OperationalError: no such table: items
2025-09-22 16:19:38,438 - ERROR - Database error while fetching all orders: no such table: orders
Traceback (most recent call last):
  File "\\winshare1.nphl.or.ke\users\haroun\Desktop\gcs\uu\service\db_service.py", line 35, in fetch_all_orders
    cursor.execute(query, params)
    ~~~~~~~~~~~~~~^^^^^^^^^^^^^^^
sqlite3.OperationalError: no such table: orders
2025-09-22 16:19:38,456 - ERROR - Database error while fetching all orders: no such table: orders
Traceback (most recent call last):
  File "\\winshare1.nphl.or.ke\users\haroun\Desktop\gcs\uu\service\db_service.py", line 52, in fetch_running_orders
    cursor.execute(query)
    ~~~~~~~~~~~~~~^^^^^^^
sqlite3.OperationalError: no such table: orders
