2025-09-26 12:51:07,031 - INFO - Fetched 59 items successfully.
2025-09-26 12:51:07,636 - INFO - Fetched 5 orders successfully.
2025-09-26 12:51:07,731 - INFO - Fetched 5 orders successfully.
2025-09-26 12:51:10,542 - INFO - Fetched 59 items successfully.
2025-09-26 12:51:11,062 - INFO - Fetched 14 categories successfully.
2025-09-26 12:51:11,077 - INFO - Fetched 59 items successfully.
2025-09-26 12:51:11,438 - INFO - Fetched 2 tables successfully.
2025-09-26 12:51:12,690 - INFO - Item ID 2 has 0 variations.
2025-09-26 12:51:12,790 - INFO - Item 'Chips Masala' with ID 2 added to cart (Qty: 1).
2025-09-26 12:51:14,515 - INFO - Fetched 6 orders successfully.
2025-09-26 12:51:17,021 - INFO - Fetched 6 orders successfully.
2025-09-26 12:51:18,005 - INFO - Fetched 6 orders successfully.
2025-09-26 12:51:22,828 - INFO - Order with ID 25 and its items deleted successfully.
2025-09-26 12:51:22,842 - INFO - Fetched 5 orders successfully.
2025-09-26 12:51:25,636 - INFO - Order with ID 24 and its items deleted successfully.
2025-09-26 12:51:25,647 - INFO - Fetched 4 orders successfully.
2025-09-26 12:51:29,269 - INFO - Order with ID 23 and its items deleted successfully.
2025-09-26 12:51:29,283 - INFO - Fetched 3 orders successfully.
2025-09-26 12:51:33,971 - INFO - Order with ID 22 and its items deleted successfully.
2025-09-26 12:51:33,984 - INFO - Fetched 2 orders successfully.
2025-09-26 12:51:36,520 - INFO - Order with ID 21 and its items deleted successfully.
2025-09-26 12:51:36,533 - INFO - Fetched 1 orders successfully.
2025-09-26 12:51:42,371 - INFO - Order with ID 0 and its items deleted successfully.
2025-09-26 12:51:42,383 - INFO - Fetched 0 orders successfully.
2025-09-26 12:51:44,049 - INFO - Fetched 59 items successfully.
2025-09-26 12:51:44,623 - INFO - Fetched 14 categories successfully.
2025-09-26 12:51:44,637 - INFO - Fetched 59 items successfully.
2025-09-26 12:51:45,110 - INFO - Fetched 59 items successfully.
2025-09-26 12:51:45,651 - INFO - Fetched 2 tables successfully.
2025-09-26 12:51:47,396 - INFO - Item ID 17 has 0 variations.
2025-09-26 12:51:47,472 - INFO - Item 'Mango Juice' with ID 17 added to cart (Qty: 1).
2025-09-26 12:51:49,060 - INFO - Fetched 1 orders successfully.
2025-09-26 12:51:49,077 - INFO - Fetched 1 orders successfully.
2025-09-26 12:51:50,966 - INFO - Fetched 1 orders successfully.
2025-09-26 12:51:53,357 - INFO - Fetched 1 orders successfully.
2025-09-26 12:51:58,391 - INFO - Fetched 14 categories successfully.
2025-09-26 12:52:01,927 - INFO - Fetched 1 orders successfully.
2025-09-26 12:52:02,760 - INFO - Fetched 14 categories successfully.
2025-09-26 12:52:02,777 - INFO - Fetched 0 items successfully.
2025-09-26 12:52:02,789 - INFO - Fetched 59 items successfully.
2025-09-26 12:52:03,675 - INFO - Fetched 14 categories successfully.
2025-09-26 12:52:03,693 - INFO - Fetched 59 items successfully.
