<<<<<<< HEAD
2025-09-19 08:21:52,686 - INFO - Fetched 59 items successfully.
2025-09-19 08:21:53,206 - INFO - Fetched 9 orders successfully.
2025-09-19 08:21:53,353 - INFO - Fetched 6 orders successfully.
2025-09-19 08:21:54,741 - INFO - Fetched 59 items successfully.
2025-09-19 08:21:55,473 - INFO - Fetched 14 categories successfully.
2025-09-19 08:21:55,483 - INFO - Fetched 59 items successfully.
2025-09-19 08:21:56,020 - INFO - Fetched 0 tables successfully.
2025-09-19 08:28:51,779 - INFO - Fetched 6 orders successfully.
2025-09-19 08:28:59,171 - INFO - Fetched 14 categories successfully.
2025-09-19 08:28:59,191 - INFO - Fetched 0 items successfully.
2025-09-19 08:28:59,209 - INFO - Fetched 59 items successfully.
2025-09-19 08:29:14,449 - INFO - Fetched 14 categories successfully.
2025-09-19 08:32:09,266 - INFO - Item ID 9 updated to 'Fish/Ugali(Brown)'.
2025-09-19 08:32:09,286 - INFO - Fetched 59 items successfully.
2025-09-19 08:32:12,722 - INFO - Fetched 14 categories successfully.
2025-09-19 08:32:45,724 - INFO - Item ID 10 updated to 'Fish/Ugali(White)'.
2025-09-19 08:32:45,743 - INFO - Fetched 59 items successfully.
2025-09-19 08:32:47,570 - INFO - Fetched 14 categories successfully.
2025-09-19 08:32:55,039 - INFO - Item ID 9 updated to 'Fish/Ugali(Brown)'.
2025-09-19 08:32:55,057 - INFO - Fetched 59 items successfully.
2025-09-19 08:33:24,001 - INFO - Fetched 59 items successfully.
2025-09-19 08:33:24,696 - INFO - Fetched 9 orders successfully.
2025-09-19 08:33:24,834 - INFO - Fetched 6 orders successfully.
2025-09-19 08:33:28,323 - INFO - Fetched 59 items successfully.
2025-09-19 08:33:29,025 - INFO - Fetched 14 categories successfully.
2025-09-19 08:33:29,039 - INFO - Fetched 59 items successfully.
2025-09-19 08:33:29,677 - INFO - Fetched 0 tables successfully.
2025-09-19 08:34:14,858 - INFO - Item ID 3 has 0 variations.
2025-09-19 08:34:14,957 - INFO - Item 'Vegetaria Salad' with ID 3 added to cart (Qty: 1).
2025-09-19 08:34:30,329 - INFO - Item ID 8 has 0 variations.
2025-09-19 08:34:30,426 - INFO - Item 'Beef Stew/Managu/Ugali' with ID 8 added to cart (Qty: 1).
2025-09-19 08:34:36,105 - INFO - Item ID 10 has 0 variations.
2025-09-19 08:34:36,193 - INFO - Item 'Fish/Ugali(White)' with ID 10 added to cart (Qty: 1).
2025-09-19 08:36:15,708 - INFO - Fetched 6 orders successfully.
2025-09-19 08:36:24,870 - INFO - Fetched 14 categories successfully.
2025-09-19 08:36:24,888 - INFO - Fetched 0 items successfully.
2025-09-19 08:36:24,903 - INFO - Fetched 59 items successfully.
2025-09-19 08:36:25,701 - INFO - Fetched 14 categories successfully.
2025-09-19 08:36:25,718 - INFO - Fetched 59 items successfully.
2025-09-19 08:36:31,845 - INFO - Fetched 14 categories successfully.
2025-09-19 08:38:21,374 - INFO - Item ID 11 updated to 'Roasted Meat'.
2025-09-19 08:38:21,391 - INFO - Fetched 59 items successfully.
2025-09-19 08:40:24,996 - INFO - Fetched 14 categories successfully.
2025-09-19 08:40:41,119 - INFO - Item ID 1 updated to 'Pilau Rice'.
2025-09-19 08:40:41,138 - INFO - Fetched 59 items successfully.
2025-09-19 08:41:26,221 - INFO - Variation 'Rice Beans' for item ID 1 added successfully.
2025-09-19 08:41:31,190 - INFO - Variation ID 14 updated.
2025-09-19 08:42:06,343 - INFO - Fetched 14 categories successfully.
2025-09-19 08:42:06,362 - INFO - Fetched 59 items successfully.
2025-09-19 08:42:11,998 - INFO - Fetched 14 categories successfully.
2025-09-19 08:42:12,016 - INFO - Fetched 59 items successfully.
2025-09-19 08:42:18,302 - INFO - Fetched 14 categories successfully.
2025-09-19 08:42:19,692 - INFO - Fetched 14 categories successfully.
2025-09-19 08:42:20,616 - INFO - Fetched 9 orders successfully.
2025-09-19 08:42:23,373 - INFO - Fetched 14 categories successfully.
2025-09-19 08:42:23,391 - INFO - Fetched 59 items successfully.
2025-09-19 08:42:24,262 - INFO - Fetched 6 orders successfully.
2025-09-19 08:42:25,356 - INFO - Fetched 14 categories successfully.
2025-09-19 08:42:25,373 - INFO - Fetched 59 items successfully.
2025-09-19 08:42:30,283 - INFO - Fetched 59 items successfully.
2025-09-19 08:42:30,940 - INFO - Fetched 14 categories successfully.
2025-09-19 08:42:30,952 - INFO - Fetched 59 items successfully.
2025-09-19 08:42:31,587 - INFO - Fetched 59 items successfully.
2025-09-19 08:42:32,160 - INFO - Fetched 0 tables successfully.
2025-09-19 08:42:48,571 - INFO - Fetched 6 orders successfully.
2025-09-19 08:42:48,600 - INFO - Fetched 6 orders successfully.
2025-09-19 08:42:50,925 - INFO - Fetched 14 categories successfully.
2025-09-19 08:42:58,964 - INFO - Item with ID 1 deleted.
2025-09-19 08:42:58,979 - INFO - Fetched 58 items successfully.
2025-09-19 08:43:52,635 - INFO - Fetched 14 categories successfully.
2025-09-19 08:45:50,295 - INFO - Fetched 14 categories successfully.
2025-09-19 08:46:03,824 - INFO - Fetched 14 categories successfully.
2025-09-19 08:46:14,545 - INFO - Item ID 12 updated to 'Chicken Roasted Roll'.
2025-09-19 08:46:14,563 - INFO - Fetched 58 items successfully.
2025-09-19 08:46:21,602 - INFO - Fetched 14 categories successfully.
2025-09-19 08:46:46,023 - INFO - Item ID 13 updated to 'Pilau '.
2025-09-19 08:46:46,043 - INFO - Fetched 58 items successfully.
2025-09-19 08:46:52,945 - INFO - Fetched 14 categories successfully.
2025-09-19 08:47:08,273 - INFO - Item ID 14 updated to 'Bananas'.
2025-09-19 08:47:08,293 - INFO - Fetched 58 items successfully.
2025-09-19 08:47:35,932 - INFO - Fetched 58 items successfully.
2025-09-19 08:47:36,540 - INFO - Fetched 9 orders successfully.
2025-09-19 08:47:36,674 - INFO - Fetched 6 orders successfully.
2025-09-19 08:47:38,384 - INFO - Fetched 58 items successfully.
2025-09-19 08:47:39,014 - INFO - Fetched 14 categories successfully.
2025-09-19 08:47:39,028 - INFO - Fetched 58 items successfully.
2025-09-19 08:47:39,613 - INFO - Fetched 0 tables successfully.
2025-09-19 09:11:20,149 - INFO - Fetched 7 orders successfully.
2025-09-19 09:11:29,464 - INFO - Fetched 14 categories successfully.
2025-09-19 09:11:29,476 - INFO - Fetched 0 items successfully.
2025-09-19 09:11:29,487 - INFO - Fetched 0 tables successfully.
2025-09-19 09:11:29,519 - INFO - Fetched 58 items successfully.
2025-09-19 09:11:34,188 - INFO - Order info fetched successfully for order_id: 15
2025-09-19 09:11:52,854 - INFO - Order info fetched successfully for order_id: 15
2025-09-19 09:13:12,437 - INFO - Fetched 7 orders successfully.
2025-09-19 09:13:15,516 - INFO - Fetched 10 orders successfully.
2025-09-19 09:36:50,012 - INFO - Fetched 58 items successfully.
2025-09-19 09:36:50,627 - INFO - Fetched 10 orders successfully.
2025-09-19 09:36:50,778 - INFO - Fetched 7 orders successfully.
2025-09-19 09:36:52,302 - INFO - Fetched 58 items successfully.
2025-09-19 09:36:52,863 - INFO - Fetched 14 categories successfully.
2025-09-19 09:36:52,872 - INFO - Fetched 58 items successfully.
2025-09-19 09:36:53,322 - INFO - Fetched 0 tables successfully.
2025-09-19 09:37:00,364 - INFO - Fetched 7 orders successfully.
2025-09-19 09:39:36,984 - INFO - Fetched 58 items successfully.
2025-09-19 09:39:37,647 - INFO - Fetched 14 categories successfully.
2025-09-19 09:39:37,662 - INFO - Fetched 58 items successfully.
2025-09-19 09:39:38,226 - INFO - Fetched 58 items successfully.
2025-09-19 09:39:38,766 - INFO - Fetched 0 tables successfully.
2025-09-19 09:39:45,804 - INFO - Fetched 7 orders successfully.
2025-09-19 09:39:45,834 - INFO - Fetched 7 orders successfully.
2025-09-19 09:43:40,339 - INFO - Fetched 58 items successfully.
2025-09-19 09:43:41,094 - INFO - Fetched 10 orders successfully.
2025-09-19 09:43:41,249 - INFO - Fetched 7 orders successfully.
2025-09-19 09:43:42,842 - INFO - Fetched 58 items successfully.
2025-09-19 09:43:43,533 - INFO - Fetched 14 categories successfully.
2025-09-19 09:43:43,548 - INFO - Fetched 58 items successfully.
2025-09-19 09:43:44,118 - INFO - Fetched 0 tables successfully.
2025-09-19 09:43:55,747 - INFO - Fetched 7 orders successfully.
=======
2025-09-19 18:16:34,473 - INFO - Fetched 59 items successfully.
2025-09-19 18:16:34,860 - INFO - Fetched 10 orders successfully.
2025-09-19 18:16:34,944 - INFO - Fetched 6 orders successfully.
2025-09-19 18:16:37,187 - INFO - Fetched 59 items successfully.
2025-09-19 18:16:38,008 - INFO - Fetched 14 categories successfully.
2025-09-19 18:16:38,012 - INFO - Fetched 59 items successfully.
2025-09-19 18:16:38,693 - INFO - Fetched 0 tables successfully.
2025-09-19 18:16:56,939 - INFO - Fetched 6 orders successfully.
2025-09-19 18:16:58,826 - INFO - Fetched 14 categories successfully.
2025-09-19 18:16:58,830 - INFO - Fetched 0 items successfully.
2025-09-19 18:16:58,833 - INFO - Fetched 59 items successfully.
2025-09-19 18:17:07,153 - INFO - Item with ID 59 deleted.
2025-09-19 18:17:07,166 - INFO - Fetched 58 items successfully.
2025-09-19 18:17:12,205 - INFO - Item with ID 58 deleted.
2025-09-19 18:17:12,215 - INFO - Fetched 57 items successfully.
2025-09-19 18:17:16,926 - INFO - Item with ID 57 deleted.
2025-09-19 18:17:16,935 - INFO - Fetched 56 items successfully.
2025-09-19 18:17:28,811 - INFO - Item with ID 56 deleted.
2025-09-19 18:17:28,819 - INFO - Fetched 55 items successfully.
2025-09-19 18:17:33,279 - INFO - Item with ID 55 deleted.
2025-09-19 18:17:33,286 - INFO - Fetched 54 items successfully.
2025-09-19 18:17:37,087 - INFO - Item with ID 54 deleted.
2025-09-19 18:17:37,096 - INFO - Fetched 53 items successfully.
2025-09-19 18:17:41,029 - INFO - Item with ID 53 deleted.
2025-09-19 18:17:41,036 - INFO - Fetched 52 items successfully.
>>>>>>> f71e74857c26ccb07736db4a5710be9a77b4679c
