2025-09-22 14:26:31,295 - INFO - Fetched 58 items successfully.
2025-09-22 14:26:31,918 - INFO - Fetched 10 orders successfully.
2025-09-22 14:26:32,035 - INFO - Fetched 7 orders successfully.
2025-09-22 14:26:33,700 - INFO - Fetched 58 items successfully.
2025-09-22 14:26:34,318 - INFO - Fetched 14 categories successfully.
2025-09-22 14:26:34,333 - INFO - Fetched 58 items successfully.
2025-09-22 14:26:34,865 - INFO - Fetched 0 tables successfully.
2025-09-22 14:26:47,005 - INFO - Fetched 7 orders successfully.
2025-09-22 14:27:41,556 - INFO - Fetched 58 items successfully.
2025-09-22 14:27:42,216 - INFO - Fetched 14 categories successfully.
2025-09-22 14:27:42,237 - INFO - Fetched 58 items successfully.
2025-09-22 14:27:42,759 - INFO - Fetched 58 items successfully.
2025-09-22 14:27:43,253 - INFO - Fetched 0 tables successfully.
2025-09-22 14:29:57,784 - INFO - Fetched 7 orders successfully.
2025-09-22 14:29:57,816 - INFO - Fetched 7 orders successfully.
2025-09-22 14:30:01,308 - INFO - Fetched 10 orders successfully.
2025-09-22 14:30:03,276 - INFO - Fetched 7 orders successfully.
2025-09-22 14:30:04,337 - INFO - Fetched 58 items successfully.
2025-09-22 14:30:04,988 - INFO - Fetched 14 categories successfully.
2025-09-22 14:30:05,004 - INFO - Fetched 58 items successfully.
2025-09-22 14:30:05,568 - INFO - Fetched 58 items successfully.
2025-09-22 14:30:06,061 - INFO - Fetched 0 tables successfully.
2025-09-22 14:33:53,843 - INFO - Fetched 7 orders successfully.
2025-09-22 14:33:53,875 - INFO - Fetched 7 orders successfully.
2025-09-22 14:33:53,905 - INFO - Fetched 7 orders successfully.
2025-09-22 14:57:41,802 - INFO - Fetched 58 items successfully.
2025-09-22 14:57:42,302 - INFO - Fetched 10 orders successfully.
2025-09-22 14:57:42,415 - INFO - Fetched 7 orders successfully.
2025-09-22 14:57:43,735 - INFO - Fetched 58 items successfully.
2025-09-22 14:57:44,211 - INFO - Fetched 14 categories successfully.
2025-09-22 14:57:44,252 - INFO - Fetched 58 items successfully.
2025-09-22 14:57:44,561 - INFO - Fetched 0 tables successfully.
2025-09-22 14:59:06,618 - INFO - Fetched 7 orders successfully.
2025-09-22 15:01:54,600 - INFO - Fetched 58 items successfully.
2025-09-22 15:01:55,116 - INFO - Fetched 14 categories successfully.
2025-09-22 15:01:55,131 - INFO - Fetched 58 items successfully.
2025-09-22 15:01:55,513 - INFO - Fetched 58 items successfully.
2025-09-22 15:01:55,929 - INFO - Fetched 0 tables successfully.
2025-09-22 15:01:59,407 - INFO - Fetched 7 orders successfully.
2025-09-22 15:01:59,438 - INFO - Fetched 7 orders successfully.
2025-09-22 15:20:46,723 - INFO - Fetched 58 items successfully.
2025-09-22 15:20:47,108 - INFO - Fetched 14 categories successfully.
2025-09-22 15:20:47,119 - INFO - Fetched 58 items successfully.
2025-09-22 15:20:47,404 - INFO - Fetched 58 items successfully.
2025-09-22 15:20:47,677 - INFO - Fetched 0 tables successfully.
2025-09-22 15:20:56,198 - INFO - Fetched 7 orders successfully.
2025-09-22 15:20:56,225 - INFO - Fetched 7 orders successfully.
2025-09-22 15:20:56,251 - INFO - Fetched 7 orders successfully.
2025-09-22 15:22:18,427 - INFO - Fetched 58 items successfully.
2025-09-22 15:22:18,913 - INFO - Fetched 10 orders successfully.
2025-09-22 15:22:19,051 - INFO - Fetched 7 orders successfully.
2025-09-22 15:22:20,147 - INFO - Fetched 58 items successfully.
2025-09-22 15:22:20,552 - INFO - Fetched 14 categories successfully.
2025-09-22 15:22:20,561 - INFO - Fetched 58 items successfully.
2025-09-22 15:22:20,851 - INFO - Fetched 0 tables successfully.
2025-09-22 15:22:27,997 - INFO - Fetched 7 orders successfully.
2025-09-22 15:22:29,703 - INFO - Fetched 7 orders successfully.
2025-09-22 15:22:30,832 - INFO - Fetched 10 orders successfully.
2025-09-22 15:22:32,543 - INFO - Fetched 14 categories successfully.
2025-09-22 15:22:32,556 - INFO - Fetched 0 items successfully.
2025-09-22 15:22:32,567 - INFO - Fetched 58 items successfully.
2025-09-22 15:24:38,201 - INFO - Fetched 58 items successfully.
2025-09-22 15:24:38,819 - INFO - Fetched 10 orders successfully.
2025-09-22 15:24:38,964 - INFO - Fetched 7 orders successfully.
2025-09-22 15:24:40,304 - INFO - Fetched 58 items successfully.
2025-09-22 15:24:40,841 - INFO - Fetched 14 categories successfully.
2025-09-22 15:24:40,857 - INFO - Fetched 58 items successfully.
2025-09-22 15:24:41,259 - INFO - Fetched 0 tables successfully.
2025-09-22 15:24:51,013 - INFO - Fetched 7 orders successfully.
2025-09-22 15:25:32,719 - INFO - Fetched 58 items successfully.
2025-09-22 15:25:33,281 - INFO - Fetched 14 categories successfully.
2025-09-22 15:25:33,298 - INFO - Fetched 58 items successfully.
2025-09-22 15:25:33,864 - INFO - Fetched 58 items successfully.
2025-09-22 15:25:34,449 - INFO - Fetched 0 tables successfully.
2025-09-22 15:28:35,782 - INFO - Fetched 7 orders successfully.
2025-09-22 15:28:35,836 - INFO - Fetched 7 orders successfully.
2025-09-22 16:04:15,232 - INFO - Fetched 58 items successfully.
2025-09-22 16:04:15,732 - INFO - Fetched 10 orders successfully.
2025-09-22 16:04:15,844 - INFO - Fetched 7 orders successfully.
2025-09-22 16:04:20,856 - INFO - Fetched 10 orders successfully.
2025-09-22 16:04:21,341 - INFO - Fetched 14 categories successfully.
2025-09-22 16:04:21,358 - INFO - Fetched 0 items successfully.
2025-09-22 16:04:21,374 - INFO - Fetched 58 items successfully.
2025-09-22 16:04:22,355 - INFO - Fetched 14 categories successfully.
2025-09-22 16:04:22,370 - INFO - Fetched 58 items successfully.
2025-09-22 16:04:24,794 - INFO - Fetched 14 categories successfully.
2025-09-22 16:05:03,602 - INFO - Item ID 2 updated to 'Chips'.
2025-09-22 16:05:03,623 - INFO - Fetched 58 items successfully.
2025-09-22 16:05:16,151 - INFO - Fetched 14 categories successfully.
2025-09-22 16:05:33,021 - INFO - Item ID 3 updated to 'Chips Masala'.
2025-09-22 16:05:33,037 - INFO - Fetched 58 items successfully.
2025-09-22 16:05:35,010 - INFO - Fetched 58 items successfully.
2025-09-22 16:05:35,541 - INFO - Fetched 14 categories successfully.
2025-09-22 16:05:35,551 - INFO - Fetched 58 items successfully.
2025-09-22 16:05:35,934 - INFO - Fetched 0 tables successfully.
2025-09-22 16:05:40,934 - INFO - Fetched 7 orders successfully.
2025-09-22 16:10:44,148 - INFO - Fetched 58 items successfully.
2025-09-22 16:10:44,811 - INFO - Fetched 10 orders successfully.
2025-09-22 16:10:44,961 - INFO - Fetched 7 orders successfully.
2025-09-22 16:10:46,016 - INFO - Fetched 14 categories successfully.
2025-09-22 16:10:46,029 - INFO - Fetched 0 items successfully.
2025-09-22 16:10:46,046 - INFO - Fetched 0 tables successfully.
2025-09-22 16:22:37,500 - INFO - Fetched 58 items successfully.
2025-09-22 16:22:37,980 - INFO - Fetched 10 orders successfully.
2025-09-22 16:22:38,081 - INFO - Fetched 7 orders successfully.
2025-09-22 16:22:43,408 - INFO - Fetched 58 items successfully.
2025-09-22 16:22:43,774 - INFO - Fetched 14 categories successfully.
2025-09-22 16:22:43,782 - INFO - Fetched 58 items successfully.
2025-09-22 16:22:44,041 - INFO - Fetched 0 tables successfully.
2025-09-22 16:22:46,958 - INFO - Fetched 7 orders successfully.
2025-09-22 16:22:54,186 - INFO - Fetched 7 orders successfully.
2025-09-22 16:22:56,093 - INFO - Fetched 10 orders successfully.
2025-09-22 16:23:00,531 - INFO - Order info fetched successfully for order_id: 15
