2025-09-29 12:56:24,822 - INFO - Fetched 59 items successfully.
2025-09-29 12:58:18,323 - INFO - Fetched 59 items successfully.
2025-09-29 12:58:18,838 - INFO - Fetched 1 orders successfully.
2025-09-29 12:58:18,905 - INFO - Fetched 1 orders successfully.
2025-09-29 12:58:20,398 - INFO - Fetched 14 categories successfully.
2025-09-29 12:58:20,415 - INFO - Fetched 0 items successfully.
2025-09-29 12:58:20,432 - INFO - Fetched 59 items successfully.
2025-09-29 12:58:27,873 - INFO - Fetched 1 orders successfully.
2025-09-29 12:58:31,000 - INFO - Fetched 1 orders successfully.
2025-09-29 12:58:31,936 - INFO - Fetched 1 orders successfully.
2025-09-29 12:58:33,201 - INFO - Fetched 14 categories successfully.
2025-09-29 12:58:33,213 - INFO - Fetched 0 items successfully.
2025-09-29 12:58:33,227 - INFO - Fetched 2 tables successfully.
2025-09-29 12:58:33,264 - INFO - Fetched 59 items successfully.
2025-09-29 12:58:38,738 - INFO - Fetched 1 orders successfully.
2025-09-29 12:58:40,557 - INFO - Fetched 1 orders successfully.
2025-09-29 12:58:47,635 - INFO - Fetched 59 items successfully.
2025-09-29 12:58:48,142 - INFO - Fetched 14 categories successfully.
2025-09-29 12:58:48,155 - INFO - Fetched 59 items successfully.
2025-09-29 12:58:48,474 - INFO - Fetched 2 tables successfully.
2025-09-29 12:58:49,583 - INFO - Item ID 5 has 0 variations.
2025-09-29 12:58:49,677 - INFO - Item 'Chicken Full ' with ID 5 added to cart (Qty: 1).
2025-09-29 12:58:50,948 - INFO - Fetched 2 orders successfully.
2025-09-29 12:58:54,121 - INFO - Fetched 2 orders successfully.
2025-09-29 12:58:55,685 - INFO - Fetched 14 categories successfully.
2025-09-29 12:58:55,698 - INFO - Fetched 0 items successfully.
2025-09-29 12:58:55,710 - INFO - Fetched 2 tables successfully.
2025-09-29 12:58:55,743 - INFO - Fetched 59 items successfully.
2025-09-29 12:59:01,788 - INFO - Order with ID 2 updated successfully.
2025-09-29 12:59:02,972 - INFO - Fetched 1 orders successfully.
2025-09-29 12:59:04,514 - INFO - Fetched 1 orders successfully.
2025-09-29 12:59:05,171 - INFO - Fetched 2 orders successfully.
2025-09-29 12:59:08,618 - INFO - Fetched 2 orders successfully.
2025-09-29 12:59:09,316 - INFO - Fetched 2 orders successfully.
2025-09-29 12:59:11,441 - INFO - Fetched 14 categories successfully.
2025-09-29 12:59:11,459 - INFO - Fetched 59 items successfully.
2025-09-29 12:59:13,686 - INFO - Fetched 2 orders successfully.
2025-09-29 13:04:51,536 - INFO - Fetched 2 orders successfully.
2025-09-29 13:06:40,476 - INFO - Fetched 59 items successfully.
2025-09-29 13:06:40,909 - INFO - Fetched 2 orders successfully.
2025-09-29 13:06:40,980 - INFO - Fetched 1 orders successfully.
2025-09-29 13:06:42,829 - INFO - Fetched 2 orders successfully.
2025-09-29 13:06:46,330 - INFO - Fetched 1 orders successfully.
2025-09-29 13:06:48,135 - INFO - Fetched 14 categories successfully.
2025-09-29 13:06:48,153 - INFO - Fetched 0 items successfully.
2025-09-29 13:06:48,168 - INFO - Fetched 59 items successfully.
2025-09-29 13:06:48,965 - INFO - Fetched 14 categories successfully.
2025-09-29 13:06:48,982 - INFO - Fetched 59 items successfully.
2025-09-29 13:06:54,189 - INFO - Fetched 14 categories successfully.
2025-09-29 13:07:15,670 - INFO - Fetched 14 categories successfully.
2025-09-29 13:07:16,533 - INFO - Fetched 2 tables successfully.
2025-09-29 13:07:17,771 - INFO - Fetched 59 items successfully.
2025-09-29 13:07:18,253 - INFO - Fetched 14 categories successfully.
2025-09-29 13:07:18,264 - INFO - Fetched 59 items successfully.
2025-09-29 13:07:18,622 - INFO - Fetched 2 tables successfully.
2025-09-29 13:07:20,155 - INFO - Item ID 4 has 0 variations.
2025-09-29 13:07:20,227 - INFO - Item 'Chicken Half (1/2)' with ID 4 added to cart (Qty: 1).
2025-09-29 13:07:20,924 - INFO - Item ID 4 has 0 variations.
2025-09-29 13:07:21,075 - INFO - Item 'Chicken Half (1/2)' with ID 4 added to cart (Qty: 1).
2025-09-29 13:07:22,580 - INFO - Fetched 2 orders successfully.
2025-09-29 13:07:24,140 - INFO - Fetched 2 orders successfully.
2025-09-29 13:07:25,485 - INFO - Fetched 14 categories successfully.
2025-09-29 13:07:25,500 - INFO - Fetched 0 items successfully.
2025-09-29 13:07:25,516 - INFO - Fetched 2 tables successfully.
2025-09-29 13:07:25,554 - INFO - Fetched 59 items successfully.
2025-09-29 13:07:29,436 - INFO - Order with ID 3 updated successfully.
2025-09-29 13:07:30,635 - INFO - Fetched 1 orders successfully.
2025-09-29 13:07:32,270 - INFO - Fetched 1 orders successfully.
2025-09-29 13:07:32,912 - INFO - Fetched 3 orders successfully.
2025-09-29 13:07:36,484 - INFO - Fetched 14 categories successfully.
2025-09-29 13:07:37,749 - INFO - Fetched 2 tables successfully.
2025-09-29 13:07:38,379 - INFO - Fetched 14 categories successfully.
2025-09-29 13:07:39,121 - INFO - Fetched 14 categories successfully.
2025-09-29 13:07:39,134 - INFO - Fetched 59 items successfully.
2025-09-29 13:07:39,899 - INFO - Fetched 14 categories successfully.
2025-09-29 13:07:39,914 - INFO - Fetched 59 items successfully.
2025-09-29 13:08:15,692 - INFO - Fetched 59 items successfully.
2025-09-29 13:08:16,257 - INFO - Fetched 3 orders successfully.
2025-09-29 13:08:16,329 - INFO - Fetched 1 orders successfully.
2025-09-29 13:08:17,569 - INFO - Fetched 14 categories successfully.
2025-09-29 13:08:17,585 - INFO - Fetched 0 items successfully.
2025-09-29 13:08:17,600 - INFO - Fetched 59 items successfully.
2025-09-29 13:08:21,937 - INFO - Fetched 14 categories successfully.
2025-09-29 13:08:21,951 - INFO - Fetched 59 items successfully.
2025-09-29 13:08:22,865 - INFO - Fetched 1 orders successfully.
2025-09-29 13:08:24,354 - INFO - Fetched 14 categories successfully.
2025-09-29 13:08:24,369 - INFO - Fetched 0 items successfully.
2025-09-29 13:08:24,384 - INFO - Fetched 2 tables successfully.
2025-09-29 13:08:24,423 - INFO - Fetched 59 items successfully.
2025-09-29 13:08:28,758 - INFO - Fetched 1 orders successfully.
2025-09-29 13:08:30,236 - INFO - Fetched 3 orders successfully.
2025-09-29 13:13:26,987 - INFO - Fetched 59 items successfully.
2025-09-29 13:13:27,544 - INFO - Fetched 3 orders successfully.
2025-09-29 13:13:27,591 - INFO - Fetched 1 orders successfully.
2025-09-29 13:13:29,592 - INFO - Fetched 14 categories successfully.
2025-09-29 13:13:29,607 - INFO - Fetched 0 items successfully.
2025-09-29 13:13:29,621 - INFO - Fetched 59 items successfully.
2025-09-29 13:13:36,187 - INFO - Fetched 3 orders successfully.
2025-09-29 13:13:55,139 - INFO - Fetched 3 orders successfully.
2025-09-29 13:13:56,364 - INFO - Fetched 3 orders successfully.
2025-09-29 13:13:57,261 - INFO - Fetched 14 categories successfully.
2025-09-29 13:13:57,279 - INFO - Fetched 59 items successfully.
2025-09-29 13:13:58,099 - INFO - Fetched 14 categories successfully.
2025-09-29 13:13:58,115 - INFO - Fetched 59 items successfully.
2025-09-29 13:13:58,769 - INFO - Fetched 14 categories successfully.
2025-09-29 13:13:58,785 - INFO - Fetched 59 items successfully.
2025-09-29 13:13:59,493 - INFO - Fetched 1 orders successfully.
2025-09-29 13:14:00,648 - INFO - Fetched 14 categories successfully.
2025-09-29 13:14:00,658 - INFO - Fetched 0 items successfully.
2025-09-29 13:14:00,668 - INFO - Fetched 2 tables successfully.
2025-09-29 13:14:00,699 - INFO - Fetched 59 items successfully.
2025-09-29 13:14:07,787 - INFO - Order info fetched successfully for order_id: 1
2025-09-29 13:14:15,821 - INFO - Order with ID 1 updated successfully.
2025-09-29 13:14:17,837 - INFO - Fetched 0 orders successfully.
2025-09-29 13:14:19,628 - INFO - Fetched 3 orders successfully.
2025-09-29 13:14:22,396 - INFO - Fetched 0 orders successfully.
2025-09-29 13:14:23,147 - INFO - Fetched 3 orders successfully.
2025-09-29 13:14:24,334 - INFO - Fetched 14 categories successfully.
2025-09-29 13:14:24,352 - INFO - Fetched 59 items successfully.
2025-09-29 13:14:27,010 - INFO - Fetched 59 items successfully.
2025-09-29 13:14:27,487 - INFO - Fetched 14 categories successfully.
2025-09-29 13:14:27,508 - INFO - Fetched 59 items successfully.
2025-09-29 13:14:27,945 - INFO - Fetched 2 tables successfully.
2025-09-29 13:14:28,830 - INFO - Item ID 8 has 0 variations.
2025-09-29 13:14:28,924 - INFO - Item 'Sausage' with ID 8 added to cart (Qty: 1).
2025-09-29 13:14:30,452 - INFO - Item ID 12 has 0 variations.
2025-09-29 13:14:30,549 - INFO - Item 'Soda 500Ml' with ID 12 added to cart (Qty: 1).
2025-09-29 13:14:32,430 - INFO - Fetched 1 orders successfully.
2025-09-29 13:14:33,829 - INFO - Fetched 1 orders successfully.
2025-09-29 13:14:34,876 - INFO - Fetched 14 categories successfully.
2025-09-29 13:14:34,889 - INFO - Fetched 0 items successfully.
2025-09-29 13:14:34,903 - INFO - Fetched 2 tables successfully.
2025-09-29 13:14:34,940 - INFO - Fetched 59 items successfully.
2025-09-29 13:14:41,252 - INFO - Order with ID 4 updated successfully.
2025-09-29 13:14:42,065 - INFO - Fetched 0 orders successfully.
2025-09-29 13:14:43,641 - INFO - Fetched 4 orders successfully.
2025-09-29 13:14:57,350 - INFO - Fetched 0 orders successfully.
2025-09-29 13:14:57,930 - INFO - Fetched 4 orders successfully.
2025-09-29 13:14:58,702 - INFO - Fetched 14 categories successfully.
2025-09-29 13:14:58,718 - INFO - Fetched 59 items successfully.
2025-09-29 13:15:01,114 - INFO - Fetched 4 orders successfully.
2025-09-29 13:15:04,625 - INFO - Fetched 0 orders successfully.
2025-09-29 13:16:53,681 - INFO - Fetched 59 items successfully.
2025-09-29 13:16:54,317 - INFO - Fetched 4 orders successfully.
2025-09-29 13:16:54,390 - INFO - Fetched 0 orders successfully.
2025-09-29 13:16:55,963 - INFO - Fetched 4 orders successfully.
2025-09-29 13:16:59,264 - INFO - Fetched 14 categories successfully.
2025-09-29 13:16:59,281 - INFO - Fetched 0 items successfully.
2025-09-29 13:16:59,295 - INFO - Fetched 59 items successfully.
2025-09-29 13:16:59,963 - INFO - Fetched 14 categories successfully.
2025-09-29 13:16:59,975 - INFO - Fetched 59 items successfully.
2025-09-29 13:17:00,620 - INFO - Fetched 14 categories successfully.
2025-09-29 13:17:00,634 - INFO - Fetched 59 items successfully.
2025-09-29 13:17:01,319 - INFO - Fetched 4 orders successfully.
2025-09-29 13:17:03,165 - INFO - Order info fetched successfully for order_id: 4
2025-09-29 13:17:09,129 - INFO - Fetched 0 orders successfully.
2025-09-29 13:17:10,529 - INFO - Fetched 4 orders successfully.
2025-09-29 13:17:11,091 - INFO - Fetched 14 categories successfully.
2025-09-29 13:17:11,108 - INFO - Fetched 59 items successfully.
2025-09-29 13:17:21,114 - INFO - Fetched 0 orders successfully.
2025-09-29 13:17:21,642 - INFO - Fetched 4 orders successfully.
2025-09-29 13:17:56,859 - INFO - Fetched 4 orders successfully.
2025-09-29 13:17:57,522 - INFO - Fetched 14 categories successfully.
2025-09-29 13:17:57,540 - INFO - Fetched 59 items successfully.
2025-09-29 13:17:59,469 - INFO - Fetched 14 categories successfully.
2025-09-29 13:18:00,347 - INFO - Fetched 14 categories successfully.
2025-09-29 13:18:00,363 - INFO - Fetched 59 items successfully.
2025-09-29 13:18:02,259 - INFO - Fetched 14 categories successfully.
2025-09-29 13:18:07,460 - INFO - Category with ID 11 deleted successfully.
2025-09-29 13:18:07,470 - INFO - Fetched 13 categories successfully.
2025-09-29 13:18:09,286 - INFO - Fetched 13 categories successfully.
2025-09-29 13:18:09,302 - INFO - Fetched 59 items successfully.
2025-09-29 13:18:09,973 - INFO - Fetched 4 orders successfully.
2025-09-29 13:18:18,053 - INFO - Fetched 59 items successfully.
2025-09-29 13:18:18,619 - INFO - Fetched 13 categories successfully.
2025-09-29 13:18:18,631 - INFO - Fetched 59 items successfully.
2025-09-29 13:18:18,990 - INFO - Fetched 2 tables successfully.
2025-09-29 13:18:35,931 - INFO - Item ID 5 has 0 variations.
2025-09-29 13:18:36,006 - INFO - Item 'Chicken Full ' with ID 5 added to cart (Qty: 1).
2025-09-29 13:18:36,918 - INFO - Item ID 4 has 0 variations.
2025-09-29 13:18:36,989 - INFO - Item 'Chicken Half (1/2)' with ID 4 added to cart (Qty: 1).
2025-09-29 13:25:01,034 - INFO - Fetched 0 orders successfully.
